exports[`NotifyMesssage should render correctly 1`] = `
<div
  className="uk-notify-message"
  style={
    Object {
      "marginTop": "-64px",
      "overflow": "hidden",
      "transition": "margin ease-out 300ms",
    }
  }>
  <a
    className="uk-close"
    onClick={[Function]} />
  <div
    onClick={[Function]}>
    <i
      className="uk-icon-justify uk-icon-check" />
    children
  </div>
</div>
`;
