// Jest Snapshot v1, https://goo.gl/fbAQLP

exports[`Notification should render correctly 1`] = `
<Portal
  isOpened={true}
  onClose={[Function]}
>
  <div
    className="uk-notification uk-notification-top-center"
  >
    <div
      className="uk-notification-message uk-notification-message-warning"
      style={
        Object {
          "marginTop": "-64px",
          "overflow": "hidden",
          "transition": "margin ease-out 300ms",
        }
      }
    >
      <a
        className="uk-close"
        onClick={[Function]}
      />
      <div
        onClick={undefined}
      >
        <span
          className="uk-icon uk-margin-small-right"
        >
          <svg
            dangerouslySetInnerHTML={
              Object {
                "__html": "<polyline fill=\\"none\\" stroke=\\"#000\\" stroke-width=\\"1.1\\" points=\\"4,10 8,15 17,4\\"></polyline>",
              }
            }
            height={20}
            viewBox="0 0 20 20"
            width={20}
            xmlns="http://www.w3.org/2000/svg"
          />
        </span>
        Notification #1
      </div>
    </div>
  </div>
</Portal>
`;
